V3 3
FL /home/sd/Desktop/ULA_BCD/ADDER1_BCD.vhd 2018/10/26.15:15:54 P.20131013
EN work/ADDER1_BCD 1540577824 FL /home/sd/Desktop/ULA_BCD/ADDER1_BCD.vhd \
      PB ieee/std_logic_1164 1381692176 PB ieee/STD_LOGIC_UNSIGNED 1381692179
AR work/ADDER1_BCD/Behavioral 1540577825 \
      FL /home/sd/Desktop/ULA_BCD/ADDER1_BCD.vhd EN work/ADDER1_BCD 1540577824
